******************************************************************************
                  TI ARM Linker PC v5.0.4                      
******************************************************************************
>> Linked Sat Jul 20 19:32:03 2013

OUTPUT FILE NAME:   <usb_dev_serial.out>
ENTRY POINT SYMBOL: "_c_int00"  address: 000037c9


MEMORY CONFIGURATION

         name            origin    length      used     unused   attr    fill
----------------------  --------  ---------  --------  --------  ----  --------
  FLASH                 00000000   00040000  00004bc6  0003b43a  R  X
  SRAM                  20000000   00008000  00000804  000077fc  RW X


SEGMENT ALLOCATION MAP

run origin  load origin   length   init length attrs members
----------  ----------- ---------- ----------- ----- -------
00000000    00000000    00004bc8   00004bc8    r-x
  00000000    00000000    0000026c   0000026c    r-- .intvecs
  0000026c    0000026c    00004402   00004402    r-x .text
  00004670    00004670    00000498   00000498    r-- .const
  00004b08    00004b08    000000c0   000000c0    r-- .cinit
20000000    20000000    00000730   00000000    rw-
  20000000    20000000    00000400   00000000    rw- .stack
  20000400    20000400    00000330   00000000    rw- .bss
20000730    20000730    000000d4   000000d4    rw-
  20000730    20000730    000000d4   000000d4    rw- .data


SECTION ALLOCATION MAP

 output                                  attributes/
section   page    origin      length       input sections
--------  ----  ----------  ----------   ----------------
.intvecs   0    00000000    0000026c     
                  00000000    0000026c     startup_ccs.obj (.intvecs)

.init_array 
*          0    00000000    00000000     UNINITIALIZED

.text      0    0000026c    00004402     
                  0000026c    00000e9e     rtsv7M4_T_le_v4SPD16_eabi.lib : _printfi.obj (.text)
                  0000110a    00000002     startup_ccs.obj (.text:FaultISR)
                  0000110c    00000224     usb_dev_serial.obj (.text:main)
                  00001330    000001f4     rtsv7M4_T_le_v4SPD16_eabi.lib : ull_div_t2.obj (.text)
                  00001524    000001d8     driverlib-cm4f.lib : sysctl.obj (.text:SysCtlClockGet)
                  000016fc    000001b6     rtsv7M4_T_le_v4SPD16_eabi.lib : fd_add_t2.obj (.text)
                  000018b2    00000002     startup_ccs.obj (.text:IntDefaultHandler)
                  000018b4    00000188     usblib-cm4f.lib : usbdconfig.obj (.text:USBDeviceConfig)
                  00001a3c    00000160                     : usbdenum.obj (.text:USBDEP0StateTxConfig)
                  00001b9c    00000136     rtsv7M4_T_le_v4SPD16_eabi.lib : fd_div_t2.obj (.text)
                  00001cd2    000000fc                                   : fd_mul_t2.obj (.text)
                  00001dce    00000002     startup_ccs.obj (.text:NmiSR)
                  00001dd0    000000f4     usblib-cm4f.lib : usbdenum.obj (.text:USBDCDInit)
                  00001ec4    000000f0     usb_dev_serial.obj (.text:ReadUARTData)
                  00001fb4    000000d4     usblib-cm4f.lib : usbdenum.obj (.text:USBDeviceEnumHandler)
                  00002088    000000d0                     : usbdenum.obj (.text:USBDGetDescriptor)
                  00002158    000000c8     driverlib-cm4f.lib : gpio.obj (.text:GPIOPadConfigSet)
                  00002220    000000c0     usb_dev_serial.obj (.text:ControlHandler)
                  000022e0    000000c0     usblib-cm4f.lib : usbdcdc.obj (.text:HandleRequests)
                  000023a0    000000bc                     : usbdconfig.obj (.text:USBDeviceConfigAlternate)
                  0000245c    000000b4                     : usbbuffer.obj (.text:HandleRxAvailable)
                  00002510    000000a4                     : usbdenum.obj (.text:USBDeviceIntHandlerInternal)
                  000025b4    000000a2                     : usbbuffer.obj (.text:ScheduleNextTransmission)
                  00002656    0000009c     rtsv7M4_T_le_v4SPD16_eabi.lib : memcpy_t2.obj (.text)
                  000026f2    00000002     --HOLE-- [fill = 0]
                  000026f4    00000094     driverlib-cm4f.lib : sysctl.obj (.text:SysCtlPeripheralReset)
                  00002788    00000094     usblib-cm4f.lib : usbdcdc.obj (.text:USBDCDCCompositeInit)
                  0000281c    00000094     rtsv7M4_T_le_v4SPD16_eabi.lib : auto_init.obj (.text)
                  000028b0    0000008e     usblib-cm4f.lib : usbdcdc.obj (.text:USBDCDCPacketRead)
                  0000293e    0000008c                     : usbdcdc.obj (.text:SendSerialState)
                  000029ca    00000088                     : usbdcdc.obj (.text:CDCTickHandler)
                  00002a52    00000002     --HOLE-- [fill = 0]
                  00002a54    00000088     usb_dev_serial.obj (.text:GetLineCoding)
                  00002adc    00000084     usblib-cm4f.lib : usbdenum.obj (.text:USBDClearFeature)
                  00002b60    00000084                     : usbdenum.obj (.text:USBDSetConfiguration)
                  00002be4    00000084                     : usbdenum.obj (.text:USBDSetInterface)
                  00002c68    00000084     usb_dev_serial.obj (.text:USBUARTPrimeTransmit)
                  00002cec    0000007e     rtsv7M4_T_le_v4SPD16_eabi.lib : fd_cmp_t2.obj (.text)
                  00002d6a    00000002     --HOLE-- [fill = 0]
                  00002d6c    00000078     usblib-cm4f.lib : usbdenum.obj (.text:USBDGetStatus)
                  00002de4    00000078     rtsv7M4_T_le_v4SPD16_eabi.lib : memset_t2.obj (.text)
                  00002e5c    00000076     driverlib-cm4f.lib : usb.obj (.text:USBDevEndpointConfigSet)
                  00002ed2    00000074     usblib-cm4f.lib : usbdcdc.obj (.text:HandleDevice)
                  00002f46    00000002     --HOLE-- [fill = 0]
                  00002f48    00000074     usb_dev_serial.obj (.text:SetLineCoding)
                  00002fbc    0000006c     driverlib-cm4f.lib : adc.obj (.text:ADCSequenceStepConfigure)
                  00003028    0000006c     usblib-cm4f.lib : usbdcdc.obj (.text:ProcessDataFromHost)
                  00003094    0000006c                     : usbdenum.obj (.text:USBDSetFeature)
                  00003100    00000068                     : usbdenum.obj (.text:USBDEP0StateTx)
                  00003168    00000064     driverlib-cm4f.lib : interrupt.obj (.text:IntEnable)
                  000031cc    00000060     usblib-cm4f.lib : usbbuffer.obj (.text:USBBufferEventCallback)
                  0000322c    00000060     rtsv7M4_T_le_v4SPD16_eabi.lib : sprintf.obj (.text)
                  0000328c    0000005e     driverlib-cm4f.lib : usb.obj (.text:USBDevEndpointStatusClear)
                  000032ea    0000005e     rtsv7M4_T_le_v4SPD16_eabi.lib : copy_decompress_rle.obj (.text)
                  00003348    0000005c     usb_dev_serial.obj (.text:USBUARTIntHandler)
                  000033a4    00000058     driverlib-cm4f.lib : sysctl.obj (.text:SysCtlPeripheralEnable)
                  000033fc    00000058     usblib-cm4f.lib : usbdenum.obj (.text:USBDReadAndDispatchRequest)
                  00003454    00000058                     : usbdenum.obj (.text:USBDStringIndexFromRequest)
                  000034ac    00000056                     : usbdcdc.obj (.text:ProcessDataToHost)
                  00003502    00000056     rtsv7M4_T_le_v4SPD16_eabi.lib : ltoa.obj (.text)
                  00003558    00000054     usblib-cm4f.lib : usbdconfig.obj (.text:GetEPDescriptorType)
                  000035ac    00000050                     : usbdcdesc.obj (.text:USBDCDConfigDescGet)
                  000035fc    00000050     driverlib-cm4f.lib : usb.obj (.text:USBDevEndpointStallClear)
                  0000364c    0000004e     usblib-cm4f.lib : usbdcdesc.obj (.text:ConfigAlternateInterfaceGet)
                  0000369a    0000004e                     : usbdcdc.obj (.text:USBDCDCPacketWrite)
                  000036e8    0000004c     rtsv7M4_T_le_v4SPD16_eabi.lib : atoi.obj (.text)
                  00003734    0000004a     usblib-cm4f.lib : usbdcdc.obj (.text:HandleEndpoints)
                  0000377e    00000002     --HOLE-- [fill = 0]
                  00003780    00000048                     : usbdenum.obj (.text:USBDeviceResumeTickHandler)
                  000037c8    00000048     rtsv7M4_T_le_v4SPD16_eabi.lib : boot.obj (.text)
                  00003810    00000048                                   : fd_toi_t2.obj (.text)
                  00003858    00000046     driverlib-cm4f.lib : usb.obj (.text:USBFIFOConfigSet)
                  0000389e    00000002     --HOLE-- [fill = 0]
                  000038a0    00000044     usblib-cm4f.lib : usbdenum.obj (.text:USBDGetInterface)
                  000038e4    00000044     driverlib-cm4f.lib : usb.obj (.text:USBEndpointDataGet)
                  00003928    00000044     rtsv7M4_T_le_v4SPD16_eabi.lib : cpy_tbl.obj (.text)
                  0000396c    00000044                                   : xdtest.obj (.text)
                  000039b0    00000042     usblib-cm4f.lib : usbdcdc.obj (.text:USBDCDCSerialStateChange)
                  000039f2    00000040                     : usbdcdc.obj (.text:HandleEP0Data)
                  00003a32    00000002     --HOLE-- [fill = 0]
                  00003a34    00000040     rtsv7M4_T_le_v4SPD16_eabi.lib : exit.obj (.text)
                  00003a74    0000003e     usblib-cm4f.lib : usbdconfig.obj (.text:GetEndpointFIFOSize)
                  00003ab2    00000002     --HOLE-- [fill = 0]
                  00003ab4    0000003c     usb_dev_serial.obj (.text:RxHandler)
                  00003af0    0000003a     usblib-cm4f.lib : usbdcdesc.obj (.text:USBDCDConfigGetInterfaceEndpoint)
                  00003b2a    00000038                     : usbdcdc.obj (.text:SendBreak)
                  00003b62    00000002     --HOLE-- [fill = 0]
                  00003b64    00000038                     : usbdenum.obj (.text:USBDGetConfiguration)
                  00003b9c    00000038     driverlib-cm4f.lib : usb.obj (.text:USBIntStatusControl)
                  00003bd4    00000036     usblib-cm4f.lib : usbdcdesc.obj (.text:NextConfigDescGet)
                  00003c0a    00000036     driverlib-cm4f.lib : usb.obj (.text:USBDevEndpointStall)
                  00003c40    00000036     usblib-cm4f.lib : usbringbuf.obj (.text:USBRingBufAdvanceWrite)
                  00003c76    00000002     --HOLE-- [fill = 0]
                  00003c78    00000034                     : usbtick.obj (.text:InternalUSBStartOfFrameTick)
                  00003cac    00000034     usb_dev_serial.obj (.text:SendBreak)
                  00003ce0    00000032     usblib-cm4f.lib : usbdenum.obj (.text:USBDeviceEnumResetHandler)
                  00003d12    00000002     --HOLE-- [fill = 0]
                  00003d14    00000030                     : usbtick.obj (.text:InternalUSBTickInit)
                  00003d44    00000030                     : usbdcdc.obj (.text:ProcessNotificationToHost)
                  00003d74    00000030                     : usbdcdc.obj (.text:USBDCDCInit)
                  00003da4    00000030     driverlib-cm4f.lib : usb.obj (.text:USBEndpointDataPut)
                  00003dd4    0000002e                        : adc.obj (.text:ADCIntStatus)
                  00003e02    0000002e                        : gpio.obj (.text:GPIODirModeSet)
                  00003e30    0000002e     usblib-cm4f.lib : usbdcdc.obj (.text:USBDCDCRxPacketAvailable)
                  00003e5e    0000002e     driverlib-cm4f.lib : usb.obj (.text:USBEndpointDataSend)
                  00003e8c    0000002e     rtsv7M4_T_le_v4SPD16_eabi.lib : i_tofd_t2.obj (.text)
                  00003eba    00000002     --HOLE-- [fill = 0]
                  00003ebc    0000002c     usblib-cm4f.lib : usbtick.obj (.text:InternalUSBRegisterTickHandler)
                  00003ee8    0000002c                     : usbbuffer.obj (.text:USBBufferWrite)
                  00003f14    0000002c                     : usbdcdesc.obj (.text:USBDCDConfigDescGetNum)
                  00003f40    0000002c                     : usbdesc.obj (.text:USBDescGet)
                  00003f6c    0000002a     driverlib-cm4f.lib : adc.obj (.text:ADCSequenceConfigure)
                  00003f96    0000002a     usb_dev_serial.obj (.text:CheckForSerialStateChange)
                  00003fc0    00000028     usblib-cm4f.lib : usbdcdc.obj (.text:HandleConfigChange)
                  00003fe8    00000028                     : usbdesc.obj (.text:USBDescGetNum)
                  00004010    00000028     driverlib-cm4f.lib : usb.obj (.text:USBIntEnableControl)
                  00004038    00000028     usblib-cm4f.lib : usbringbuf.obj (.text:UpdateIndexAtomic)
                  00004060    00000024                     : usbbuffer.obj (.text:HandleRequestBuffer)
                  00004084    00000024                     : usbdcdc.obj (.text:SendLineCodingChange)
                  000040a8    00000024                     : usbbuffer.obj (.text:USBBufferRead)
                  000040cc    00000024                     : usbdenum.obj (.text:USBDSetAddress)
                  000040f0    00000024     driverlib-cm4f.lib : usb.obj (.text:USBDevEndpointDataAck)
                  00004114    00000022     usblib-cm4f.lib : usbdcdc.obj (.text:SendLineStateChange)
                  00004136    00000020     driverlib-cm4f.lib : adc.obj (.text:ADCSequenceDataGet)
                  00004156    00000020     usblib-cm4f.lib : usbdcdc.obj (.text:HandleDisconnect)
                  00004176    00000002     --HOLE-- [fill = 0]
                  00004178    00000020                     : usbmode.obj (.text:USBStackModeSet)
                  00004198    0000001e                     : usbdcdc.obj (.text:CheckAndSendBreak)
                  000041b6    0000001e                     : usbbuffer.obj (.text:HandleDataRemaining)
                  000041d4    0000001e     driverlib-cm4f.lib : usb.obj (.text:USBEndpointDataAvail)
                  000041f2    0000001e     usblib-cm4f.lib : usbringbuf.obj (.text:USBRingBufAdvanceRead)
                  00004210    0000001c                     : usbdcdc.obj (.text:SetDeferredOpFlag)
                  0000422c    0000001c                     : usbdcdesc.obj (.text:USBDCDConfigGetInterface)
                  00004248    0000001c                     : usbdenum.obj (.text:USBDCDStallEP0)
                  00004264    0000001c                     : usbringbuf.obj (.text:USBRingBufContigFree)
                  00004280    0000001c     rtsv7M4_T_le_v4SPD16_eabi.lib : memccpy.obj (.text)
                  0000429c    0000001a     usblib-cm4f.lib : usbdcdc.obj (.text:DeviceConsumedAllData)
                  000042b6    0000001a                     : usbringbuf.obj (.text:USBRingBufRead)
                  000042d0    0000001a                     : usbringbuf.obj (.text:USBRingBufReadOne)
                  000042ea    0000001a                     : usbringbuf.obj (.text:USBRingBufWrite)
                  00004304    00000018                     : usbdhandler.obj (.text:USB0DeviceIntHandler)
                  0000431c    00000018                     : usbdcdesc.obj (.text:USBDCDConfigDescGetSize)
                  00004334    00000018                     : usbdenum.obj (.text:USBDSetDescriptor)
                  0000434c    00000018                     : usbdenum.obj (.text:USBDSyncFrame)
                  00004364    00000018     rtsv7M4_T_le_v4SPD16_eabi.lib : args_main.obj (.text)
                  0000437c    00000018                                   : ll_mul_t2.obj (.text)
                  00004394    00000016     driverlib-cm4f.lib : adc.obj (.text:ADCProcessorTrigger)
                  000043aa    00000016     usblib-cm4f.lib : usbdcdc.obj (.text:CheckAndSendLineCodingChange)
                  000043c0    00000016                     : usbdcdc.obj (.text:CheckAndSendLineStateChange)
                  000043d6    00000016                     : usbbuffer.obj (.text:USBBufferInit)
                  000043ec    00000016     driverlib-cm4f.lib : usb.obj (.text:USBHostResume)
                  00004402    00000016                        : usb.obj (.text:USBIndexWrite)
                  00004418    00000016     usblib-cm4f.lib : usbringbuf.obj (.text:USBRingBufUsed)
                  0000442e    00000002     --HOLE-- [fill = 0]
                  00004430    00000014                     : usbdenum.obj (.text:USBDCDRequestDataEP0)
                  00004444    00000014     driverlib-cm4f.lib : usb.obj (.text:USBIntEnableEndpoint)
                  00004458    00000014     usblib-cm4f.lib : usbringbuf.obj (.text:USBRingBufContigUsed)
                  0000446c    00000014                     : usbringbuf.obj (.text:USBRingBufFlush)
                  00004480    00000014     rtsv7M4_T_le_v4SPD16_eabi.lib : _lock.obj (.text)
                  00004494    00000014                                   : strlen.obj (.text)
                  000044a8    00000012     driverlib-cm4f.lib : gpio.obj (.text:GPIOPinTypeADC)
                  000044ba    00000012     usblib-cm4f.lib : usbdcdc.obj (.text:HandleResume)
                  000044cc    00000012                     : usbdcdc.obj (.text:HandleSuspend)
                  000044de    00000012                     : usbbuffer.obj (.text:HandleTxComplete)
                  000044f0    00000012     driverlib-cm4f.lib : usb.obj (.text:USBEndpointStatus)
                  00004502    00000012     usblib-cm4f.lib : usbringbuf.obj (.text:USBRingBufFree)
                  00004514    00000012                     : usbringbuf.obj (.text:USBRingBufWriteOne)
                  00004526    00000012     rtsv7M4_T_le_v4SPD16_eabi.lib : copy_zero_init.obj (.text:decompress:ZI)
                  00004538    00000012                                   : xdclass.obj (.text)
                  0000454a    00000010     driverlib-cm4f.lib : adc.obj (.text:ADCIntEnable)
                  0000455a    00000002     --HOLE-- [fill = 0]
                  0000455c    00000010                        : sysctl.obj (.text:SysCtlUSBPLLEnable)
                  0000456c    00000010     usb_dev_serial.obj (.text:SysTickIntHandler)
                  0000457c    00000010     usblib-cm4f.lib : usbdcdc.obj (.text:USBDCDCTxPacketAvailable)
                  0000458c    00000010                     : usbdenum.obj (.text:USBDCDSendDataEP0)
                  0000459c    0000000e     driverlib-cm4f.lib : adc.obj (.text:ADCSequenceDisable)
                  000045aa    0000000e                        : adc.obj (.text:ADCSequenceEnable)
                  000045b8    0000000e     rtsv7M4_T_le_v4SPD16_eabi.lib : copy_decompress_none.obj (.text:decompress:none)
                  000045c6    0000000c     driverlib-cm4f.lib : cpu.obj (.text:CPUcpsid)
                  000045d2    0000000c                        : cpu.obj (.text:CPUcpsie)
                  000045de    0000000c                        : usb.obj (.text:USBIntStatusEndpoint)
                  000045ea    0000000c     usblib-cm4f.lib : usbringbuf.obj (.text:USBRingBufInit)
                  000045f6    0000000a     driverlib-cm4f.lib : adc.obj (.text:ADCIntClear)
                  00004600    0000000a                        : gpio.obj (.text:GPIOPinWrite)
                  0000460a    0000000a                        : interrupt.obj (.text:IntMasterDisable)
                  00004614    0000000a                        : interrupt.obj (.text:IntMasterEnable)
                  0000461e    0000000a                        : usb.obj (.text:USBDevConnect)
                  00004628    0000000a                        : usb.obj (.text:USBDevDisconnect)
                  00004632    00000008                        : usb.obj (.text:USBDevMode)
                  0000463a    00000008                        : usb.obj (.text:USBOTGMode)
                  00004642    00000006     startup_ccs.obj (.text:ResetISR)
                  00004648    00000006     driverlib-cm4f.lib : sysctl.obj (.text:SysCtlDelay)
                  0000464e    00000006     usblib-cm4f.lib : usbbuffer.obj (.text:USBBufferDataAvailable)
                  00004654    00000006                     : usbbuffer.obj (.text:USBBufferFlush)
                  0000465a    00000006                     : usbbuffer.obj (.text:USBBufferSpaceAvailable)
                  00004660    00000006     rtsv7M4_T_le_v4SPD16_eabi.lib : copy_decompress_rle.obj (.text:decompress:rle24)
                  00004666    00000004     usb_dev_serial.obj (.text:TxHandler)
                  0000466a    00000004     driverlib-cm4f.lib : usb.obj (.text:USBDevAddrSet)

.const     0    00004670    00000498     
                  00004670    00000101     rtsv7M4_T_le_v4SPD16_eabi.lib : ctype.obj (.const:.string:_ctypes_)
                  00004771    00000003     --HOLE-- [fill = 0]
                  00004774    00000078     usblib-cm4f.lib : usbdenum.obj (.const:g_sUSBDefaultFIFOConfig)
                  000047ec    00000070     driverlib-cm4f.lib : interrupt.obj (.const)
                  0000485c    0000006c                        : sysctl.obj (.const:g_pulXtals)
                  000048c8    00000050     usblib-cm4f.lib : usbdcdc.obj (.const)
                  00004918    00000040     driverlib-cm4f.lib : sysctl.obj (.const)
                  00004958    00000036     usb_serial_structs.obj (.const:.string:g_pConfigString)
                  0000498e    00000002     --HOLE-- [fill = 0]
                  00004990    00000034     usblib-cm4f.lib : usbdenum.obj (.const:g_psUSBDStdRequests)
                  000049c4    0000002c     usb_serial_structs.obj (.const:.string:g_pControlInterfaceString)
                  000049f0    0000002c     usb_serial_structs.obj (.const:g_sCDCDevice)
                  00004a1c    00000024     usb_serial_structs.obj (.const:.string:g_pManufacturerString)
                  00004a40    00000024     usb_serial_structs.obj (.const:g_sRxBuffer)
                  00004a64    00000024     usb_serial_structs.obj (.const:g_sTxBuffer)
                  00004a88    00000023     usblib-cm4f.lib : usbdcdc.obj (.const:g_pCDCSerCommInterface)
                  00004aab    00000001     --HOLE-- [fill = 0]
                  00004aac    00000022     usb_serial_structs.obj (.const:.string:g_pProductString)
                  00004ace    00000002     --HOLE-- [fill = 0]
                  00004ad0    00000018     usb_serial_structs.obj (.const)
                  00004ae8    00000016     usb_serial_structs.obj (.const:.string)
                  00004afe    00000002     --HOLE-- [fill = 0]
                  00004b00    00000008     usb_dev_serial.obj (.const:.string)

.cinit     0    00004b08    000000c0     
                  00004b08    00000098     (.cinit..data.load) [load image, compression = rle]
                  00004ba0    0000000c     (__TI_handler_table)
                  00004bac    00000004     --HOLE-- [fill = 0]
                  00004bb0    00000008     (.cinit..bss.load) [load image, compression = zero_init]
                  00004bb8    00000010     (__TI_cinit_table)

.stack     0    20000000    00000400     UNINITIALIZED
                  20000000    00000400     --HOLE--

.bss       0    20000400    00000330     UNINITIALIZED
                  20000400    00000100     usb_serial_structs.obj (.bss:g_pcUSBRxBuffer)
                  20000500    00000100     usb_serial_structs.obj (.bss:g_pcUSBTxBuffer)
                  20000600    00000054     usblib-cm4f.lib : usbdenum.obj (.bss:g_psUSBDevice)
                  20000654    00000040                     : usbdenum.obj (.bss:g_pucDataBufferIn)
                  20000694    00000030     usb_serial_structs.obj (.bss)
                  200006c4    00000030     usblib-cm4f.lib : usbtick.obj (.bss)
                  200006f4    0000002c     usb_serial_structs.obj (.bss:g_sCDCInstance)
                  20000720    0000000c     usblib-cm4f.lib : usbmode.obj (.bss)
                  2000072c    00000004     usb_dev_serial.obj (.bss)

.data      0    20000730    000000d4     
                  20000730    0000004c     usblib-cm4f.lib : usbdcdc.obj (.data:g_sCDCSerDeviceInfo)
                  2000077c    00000040                     : usbdcdc.obj (.data)
                  200007bc    00000015     usb_dev_serial.obj (.data)
                  200007d1    00000003     --HOLE--
                  200007d4    0000000c     usblib-cm4f.lib : usbtick.obj (.data)
                  200007e0    00000009                     : usbmode.obj (.data)
                  200007e9    00000003     --HOLE--
                  200007ec    00000008     rtsv7M4_T_le_v4SPD16_eabi.lib : _lock.obj (.data)
                  200007f4    00000008                                   : exit.obj (.data)
                  200007fc    00000004                                   : stkdepth_vars.obj (.data)
                  20000800    00000004     usblib-cm4f.lib : usbdenum.obj (.data)


LINKER GENERATED COPY TABLES

__TI_cinit_table @ 00004bb8 records: 2, size/record: 8, table size: 16
	.data: load addr=00004b08, load size=00000098 bytes, run addr=20000730, run size=000000d4 bytes, compression=rle
	.bss: load addr=00004bb0, load size=00000008 bytes, run addr=20000400, run size=00000330 bytes, compression=zero_init


LINKER GENERATED HANDLER TABLE

__TI_handler_table @ 00004ba0 records: 3, size/record: 4, table size: 12
	index: 0, handler: __TI_decompress_rle24
	index: 1, handler: __TI_decompress_none
	index: 2, handler: __TI_zero_init


GLOBAL SYMBOLS: SORTED ALPHABETICALLY BY Name 

address    name
--------   ----
000045f7   ADCIntClear
0000454b   ADCIntEnable
00003dd5   ADCIntStatus
00004395   ADCProcessorTrigger
00003f6d   ADCSequenceConfigure
00004137   ADCSequenceDataGet
0000459d   ADCSequenceDisable
000045ab   ADCSequenceEnable
00002fbd   ADCSequenceStepConfigure
00003a35   C$$EXIT
000045c7   CPUcpsid
000045d3   CPUcpsie
00002221   ControlHandler
00003e03   GPIODirModeSet
00002159   GPIOPadConfigSet
000044a9   GPIOPinTypeADC
00004601   GPIOPinWrite
00003169   IntEnable
0000460b   IntMasterDisable
00004615   IntMasterEnable
00003ebd   InternalUSBRegisterTickHandler
00003c79   InternalUSBStartOfFrameTick
00003d15   InternalUSBTickInit
00003029   ProcessDataFromHost
000034ad   ProcessDataToHost
00003d45   ProcessNotificationToHost
00004643   ResetISR
00003ab5   RxHandler
UNDEFED    SHT$$INIT_ARRAY$$Base
UNDEFED    SHT$$INIT_ARRAY$$Limit
00001525   SysCtlClockGet
00004649   SysCtlDelay
000033a5   SysCtlPeripheralEnable
000026f5   SysCtlPeripheralReset
0000455d   SysCtlUSBPLLEnable
0000456d   SysTickIntHandler
00004667   TxHandler
00004305   USB0DeviceIntHandler
0000464f   USBBufferDataAvailable
000031cd   USBBufferEventCallback
00004655   USBBufferFlush
000043d7   USBBufferInit
000040a9   USBBufferRead
0000465b   USBBufferSpaceAvailable
00003ee9   USBBufferWrite
00002789   USBDCDCCompositeInit
00003d75   USBDCDCInit
000028b1   USBDCDCPacketRead
0000369b   USBDCDCPacketWrite
00003e31   USBDCDCRxPacketAvailable
000039b1   USBDCDCSerialStateChange
0000457d   USBDCDCTxPacketAvailable
000035ad   USBDCDConfigDescGet
00003f15   USBDCDConfigDescGetNum
0000431d   USBDCDConfigDescGetSize
0000422d   USBDCDConfigGetInterface
00003af1   USBDCDConfigGetInterfaceEndpoint
00001dd1   USBDCDInit
00004431   USBDCDRequestDataEP0
0000458d   USBDCDSendDataEP0
00004249   USBDCDStallEP0
00003f41   USBDescGet
00003fe9   USBDescGetNum
0000466b   USBDevAddrSet
0000461f   USBDevConnect
00004629   USBDevDisconnect
00002e5d   USBDevEndpointConfigSet
000040f1   USBDevEndpointDataAck
00003c0b   USBDevEndpointStall
000035fd   USBDevEndpointStallClear
0000328d   USBDevEndpointStatusClear
00004633   USBDevMode
000018b5   USBDeviceConfig
000023a1   USBDeviceConfigAlternate
00001fb5   USBDeviceEnumHandler
00003ce1   USBDeviceEnumResetHandler
00002511   USBDeviceIntHandlerInternal
00003781   USBDeviceResumeTickHandler
000041d5   USBEndpointDataAvail
000038e5   USBEndpointDataGet
00003da5   USBEndpointDataPut
00003e5f   USBEndpointDataSend
000044f1   USBEndpointStatus
00003859   USBFIFOConfigSet
000043ed   USBHostResume
00004011   USBIntEnableControl
00004445   USBIntEnableEndpoint
00003b9d   USBIntStatusControl
000045df   USBIntStatusEndpoint
0000463b   USBOTGMode
000041f3   USBRingBufAdvanceRead
00003c41   USBRingBufAdvanceWrite
00004265   USBRingBufContigFree
00004459   USBRingBufContigUsed
0000446d   USBRingBufFlush
00004503   USBRingBufFree
000045eb   USBRingBufInit
000042b7   USBRingBufRead
000042d1   USBRingBufReadOne
00004419   USBRingBufUsed
000042eb   USBRingBufWrite
00004515   USBRingBufWriteOne
00004179   USBStackModeSet
00003349   USBUARTIntHandler
00004539   _Dclass
0000396d   _Dtest
20000400   __STACK_END
00000400   __STACK_SIZE
20000400   __STACK_TOP
00004bb8   __TI_CINIT_Base
00004bc8   __TI_CINIT_Limit
00004ba0   __TI_Handler_Table_Base
00004bac   __TI_Handler_Table_Limit
00000001   __TI_args_main
0000281d   __TI_auto_init
000045b9   __TI_decompress_none
00004661   __TI_decompress_rle24
00000000   __TI_static_base__
00004527   __TI_zero_init
00002ced   __aeabi_cdcmpeq
00002ced   __aeabi_cdcmple
00003811   __aeabi_d2iz
00001707   __aeabi_dadd
00001b9d   __aeabi_ddiv
00001cd3   __aeabi_dmul
000016fd   __aeabi_dsub
00003e8d   __aeabi_i2d
0000437d   __aeabi_lmul
00002de5   __aeabi_memclr
00002de5   __aeabi_memclr4
00002de5   __aeabi_memclr8
00002657   __aeabi_memcpy
00002657   __aeabi_memcpy4
00002657   __aeabi_memcpy8
00002de7   __aeabi_memset
00002de7   __aeabi_memset4
00002de7   __aeabi_memset8
00001331   __aeabi_uldivmod
ffffffff   __binit__
ffffffff   __c_args__
20000000   __stack
00004365   _args_main
000037c9   _c_int00
200007f4   _cleanup_ptr
00004670   _ctypes_
200007f8   _dtors_ptr
200007ec   _lock
0000448f   _nop
00000e03   _printfi
00004487   _register_lock
00004481   _register_unlock
200007f0   _unlock
00003a39   abort
000036e9   atoi
ffffffff   binit
00003929   copy_in
00003a41   exit
200007d4   g_bUSBTimerInitialized
20000724   g_eOTGModeState
200007e0   g_eUSBMode
00004914   g_pCDCCompSerConfigDescriptors
00004a88   g_pCDCSerCommInterface
00004910   g_pCDCSerConfigDescriptors
000048e0   g_pCDCSerDataInterface
2000078e   g_pCDCSerDescriptor
2000077c   g_pCDCSerDeviceDescriptor
00004958   g_pConfigString
000049c4   g_pControlInterfaceString
20000797   g_pIADSerDescriptor
00004ae8   g_pLangDescriptor
00004a1c   g_pManufacturerString
00004aac   g_pProductString
00004aec   g_pSerialNumberString
00004ad0   g_pStringDescriptors
2000072c   g_pcStatus
20000400   g_pcUSBRxBuffer
20000500   g_pcUSBTxBuffer
200006c4   g_pfTickHandlers
00000000   g_pfnVectors
200007ac   g_psCDCCompSerSections
200007a0   g_psCDCSerSections
20000600   g_psUSBDevice
20000694   g_pucRxBufferWorkspace
200006ac   g_pucTxBufferWorkspace
200006dc   g_pvTickInstance
00004908   g_sCDCCompSerConfigHeader
000049f0   g_sCDCDevice
200006f4   g_sCDCInstance
000048d8   g_sCDCSerCommInterfaceSection
00004900   g_sCDCSerConfigHeader
000048c8   g_sCDCSerConfigSection
000048f8   g_sCDCSerDataInterfaceSection
20000730   g_sCDCSerDeviceInfo
000048d0   g_sIADSerConfigSection
00004a40   g_sRxBuffer
00004a64   g_sTxBuffer
00004774   g_sUSBDefaultFIFOConfig
200007d8   g_ulCurrentUSBTick
200007cc   g_ulFlags
20000720   g_ulPollRate
200007c8   g_ulSysTickCount
200007c0   g_ulUARTRxCount
200007bc   g_ulUARTTxCount
200007dc   g_ulUSBSOFCount
200007e4   g_ulWaitTicks
00003503   ltoa
0000110d   main
200007fc   main_func_sp
00004281   memccpy
00002657   memcpy
00002ded   memset
0000322d   sprintf
00004495   strlen


GLOBAL SYMBOLS: SORTED BY Symbol Address 

address    name
--------   ----
00000000   __TI_static_base__
00000000   g_pfnVectors
00000001   __TI_args_main
00000400   __STACK_SIZE
00000e03   _printfi
0000110d   main
00001331   __aeabi_uldivmod
00001525   SysCtlClockGet
000016fd   __aeabi_dsub
00001707   __aeabi_dadd
000018b5   USBDeviceConfig
00001b9d   __aeabi_ddiv
00001cd3   __aeabi_dmul
00001dd1   USBDCDInit
00001fb5   USBDeviceEnumHandler
00002159   GPIOPadConfigSet
00002221   ControlHandler
000023a1   USBDeviceConfigAlternate
00002511   USBDeviceIntHandlerInternal
00002657   __aeabi_memcpy
00002657   __aeabi_memcpy4
00002657   __aeabi_memcpy8
00002657   memcpy
000026f5   SysCtlPeripheralReset
00002789   USBDCDCCompositeInit
0000281d   __TI_auto_init
000028b1   USBDCDCPacketRead
00002ced   __aeabi_cdcmpeq
00002ced   __aeabi_cdcmple
00002de5   __aeabi_memclr
00002de5   __aeabi_memclr4
00002de5   __aeabi_memclr8
00002de7   __aeabi_memset
00002de7   __aeabi_memset4
00002de7   __aeabi_memset8
00002ded   memset
00002e5d   USBDevEndpointConfigSet
00002fbd   ADCSequenceStepConfigure
00003029   ProcessDataFromHost
00003169   IntEnable
000031cd   USBBufferEventCallback
0000322d   sprintf
0000328d   USBDevEndpointStatusClear
00003349   USBUARTIntHandler
000033a5   SysCtlPeripheralEnable
000034ad   ProcessDataToHost
00003503   ltoa
000035ad   USBDCDConfigDescGet
000035fd   USBDevEndpointStallClear
0000369b   USBDCDCPacketWrite
000036e9   atoi
00003781   USBDeviceResumeTickHandler
000037c9   _c_int00
00003811   __aeabi_d2iz
00003859   USBFIFOConfigSet
000038e5   USBEndpointDataGet
00003929   copy_in
0000396d   _Dtest
000039b1   USBDCDCSerialStateChange
00003a35   C$$EXIT
00003a39   abort
00003a41   exit
00003ab5   RxHandler
00003af1   USBDCDConfigGetInterfaceEndpoint
00003b9d   USBIntStatusControl
00003c0b   USBDevEndpointStall
00003c41   USBRingBufAdvanceWrite
00003c79   InternalUSBStartOfFrameTick
00003ce1   USBDeviceEnumResetHandler
00003d15   InternalUSBTickInit
00003d45   ProcessNotificationToHost
00003d75   USBDCDCInit
00003da5   USBEndpointDataPut
00003dd5   ADCIntStatus
00003e03   GPIODirModeSet
00003e31   USBDCDCRxPacketAvailable
00003e5f   USBEndpointDataSend
00003e8d   __aeabi_i2d
00003ebd   InternalUSBRegisterTickHandler
00003ee9   USBBufferWrite
00003f15   USBDCDConfigDescGetNum
00003f41   USBDescGet
00003f6d   ADCSequenceConfigure
00003fe9   USBDescGetNum
00004011   USBIntEnableControl
000040a9   USBBufferRead
000040f1   USBDevEndpointDataAck
00004137   ADCSequenceDataGet
00004179   USBStackModeSet
000041d5   USBEndpointDataAvail
000041f3   USBRingBufAdvanceRead
0000422d   USBDCDConfigGetInterface
00004249   USBDCDStallEP0
00004265   USBRingBufContigFree
00004281   memccpy
000042b7   USBRingBufRead
000042d1   USBRingBufReadOne
000042eb   USBRingBufWrite
00004305   USB0DeviceIntHandler
0000431d   USBDCDConfigDescGetSize
00004365   _args_main
0000437d   __aeabi_lmul
00004395   ADCProcessorTrigger
000043d7   USBBufferInit
000043ed   USBHostResume
00004419   USBRingBufUsed
00004431   USBDCDRequestDataEP0
00004445   USBIntEnableEndpoint
00004459   USBRingBufContigUsed
0000446d   USBRingBufFlush
00004481   _register_unlock
00004487   _register_lock
0000448f   _nop
00004495   strlen
000044a9   GPIOPinTypeADC
000044f1   USBEndpointStatus
00004503   USBRingBufFree
00004515   USBRingBufWriteOne
00004527   __TI_zero_init
00004539   _Dclass
0000454b   ADCIntEnable
0000455d   SysCtlUSBPLLEnable
0000456d   SysTickIntHandler
0000457d   USBDCDCTxPacketAvailable
0000458d   USBDCDSendDataEP0
0000459d   ADCSequenceDisable
000045ab   ADCSequenceEnable
000045b9   __TI_decompress_none
000045c7   CPUcpsid
000045d3   CPUcpsie
000045df   USBIntStatusEndpoint
000045eb   USBRingBufInit
000045f7   ADCIntClear
00004601   GPIOPinWrite
0000460b   IntMasterDisable
00004615   IntMasterEnable
0000461f   USBDevConnect
00004629   USBDevDisconnect
00004633   USBDevMode
0000463b   USBOTGMode
00004643   ResetISR
00004649   SysCtlDelay
0000464f   USBBufferDataAvailable
00004655   USBBufferFlush
0000465b   USBBufferSpaceAvailable
00004661   __TI_decompress_rle24
00004667   TxHandler
0000466b   USBDevAddrSet
00004670   _ctypes_
00004774   g_sUSBDefaultFIFOConfig
000048c8   g_sCDCSerConfigSection
000048d0   g_sIADSerConfigSection
000048d8   g_sCDCSerCommInterfaceSection
000048e0   g_pCDCSerDataInterface
000048f8   g_sCDCSerDataInterfaceSection
00004900   g_sCDCSerConfigHeader
00004908   g_sCDCCompSerConfigHeader
00004910   g_pCDCSerConfigDescriptors
00004914   g_pCDCCompSerConfigDescriptors
00004958   g_pConfigString
000049c4   g_pControlInterfaceString
000049f0   g_sCDCDevice
00004a1c   g_pManufacturerString
00004a40   g_sRxBuffer
00004a64   g_sTxBuffer
00004a88   g_pCDCSerCommInterface
00004aac   g_pProductString
00004ad0   g_pStringDescriptors
00004ae8   g_pLangDescriptor
00004aec   g_pSerialNumberString
00004ba0   __TI_Handler_Table_Base
00004bac   __TI_Handler_Table_Limit
00004bb8   __TI_CINIT_Base
00004bc8   __TI_CINIT_Limit
20000000   __stack
20000400   __STACK_END
20000400   __STACK_TOP
20000400   g_pcUSBRxBuffer
20000500   g_pcUSBTxBuffer
20000600   g_psUSBDevice
20000694   g_pucRxBufferWorkspace
200006ac   g_pucTxBufferWorkspace
200006c4   g_pfTickHandlers
200006dc   g_pvTickInstance
200006f4   g_sCDCInstance
20000720   g_ulPollRate
20000724   g_eOTGModeState
2000072c   g_pcStatus
20000730   g_sCDCSerDeviceInfo
2000077c   g_pCDCSerDeviceDescriptor
2000078e   g_pCDCSerDescriptor
20000797   g_pIADSerDescriptor
200007a0   g_psCDCSerSections
200007ac   g_psCDCCompSerSections
200007bc   g_ulUARTTxCount
200007c0   g_ulUARTRxCount
200007c8   g_ulSysTickCount
200007cc   g_ulFlags
200007d4   g_bUSBTimerInitialized
200007d8   g_ulCurrentUSBTick
200007dc   g_ulUSBSOFCount
200007e0   g_eUSBMode
200007e4   g_ulWaitTicks
200007ec   _lock
200007f0   _unlock
200007f4   _cleanup_ptr
200007f8   _dtors_ptr
200007fc   main_func_sp
ffffffff   __binit__
ffffffff   __c_args__
ffffffff   binit
UNDEFED    SHT$$INIT_ARRAY$$Base
UNDEFED    SHT$$INIT_ARRAY$$Limit

[213 symbols]
